Contracts and examples are valid.
